2026-06-06T09:01:06.835067Z 0 [Warning] [MY-010097] [Server] Insecure configuration for --secure-file-priv: Current value does not restrict location of generated files. Consider setting it to a valid, non-empty path.
2026-06-06T09:01:06.835175Z 0 [Warning] [MY-010918] [Server] 'default_authentication_plugin' is deprecated and will be removed in a future release. Please use authentication_policy instead.
2026-06-06T09:01:06.835677Z 0 [System] [MY-010116] [Server] C:\laragonn\bin\mysql\mysql-8.0.30-winx64\bin\mysqld (mysqld 8.0.30) starting as process 20776
2026-06-06T09:01:06.925830Z 1 [System] [MY-013576] [InnoDB] InnoDB initialization has started.
2026-06-06T09:01:07.437005Z 1 [System] [MY-013577] [InnoDB] InnoDB initialization has ended.
2026-06-06T09:01:08.287290Z 0 [Warning] [MY-013829] [Server] Missing data directory for ICU regular expressions: C:\laragonn\bin\mysql\mysql-8.0.30-winx64\lib\private\.
2026-06-06T09:01:08.294308Z 0 [Warning] [MY-010068] [Server] CA certificate ca.pem is self signed.
2026-06-06T09:01:08.295467Z 0 [System] [MY-013602] [Server] Channel mysql_main configured to support TLS. Encrypted connections are now supported for this channel.
2026-06-06T09:01:08.299009Z 0 [ERROR] [MY-010262] [Server] Can't start server: Bind on TCP/IP port: Only one usage of each socket address (protocol/network address/port) is normally permitted. 
2026-06-06T09:01:08.301607Z 0 [ERROR] [MY-010257] [Server] Do you already have another mysqld server running on port: 3306 ?
2026-06-06T09:01:08.303514Z 0 [ERROR] [MY-010119] [Server] Aborting
2026-06-06T09:01:09.560836Z 0 [System] [MY-010910] [Server] C:\laragonn\bin\mysql\mysql-8.0.30-winx64\bin\mysqld: Shutdown complete (mysqld 8.0.30)  MySQL Community Server - GPL.
2026-06-07T06:45:06.778707Z 0 [Warning] [MY-010097] [Server] Insecure configuration for --secure-file-priv: Current value does not restrict location of generated files. Consider setting it to a valid, non-empty path.
2026-06-07T06:45:06.781327Z 0 [Warning] [MY-010918] [Server] 'default_authentication_plugin' is deprecated and will be removed in a future release. Please use authentication_policy instead.
2026-06-07T06:45:06.781682Z 0 [System] [MY-010116] [Server] C:\laragonn\bin\mysql\mysql-8.0.30-winx64\bin\mysqld (mysqld 8.0.30) starting as process 19788
2026-06-07T06:45:07.029174Z 1 [System] [MY-013576] [InnoDB] InnoDB initialization has started.
2026-06-07T06:45:07.744859Z 1 [System] [MY-013577] [InnoDB] InnoDB initialization has ended.
2026-06-07T06:45:08.876352Z 0 [Warning] [MY-013829] [Server] Missing data directory for ICU regular expressions: C:\laragonn\bin\mysql\mysql-8.0.30-winx64\lib\private\.
2026-06-07T06:45:08.971604Z 0 [Warning] [MY-010068] [Server] CA certificate ca.pem is self signed.
2026-06-07T06:45:08.972859Z 0 [System] [MY-013602] [Server] Channel mysql_main configured to support TLS. Encrypted connections are now supported for this channel.
2026-06-07T06:45:09.140569Z 0 [System] [MY-011323] [Server] X Plugin ready for connections. Bind-address: '::' port: 33060
2026-06-07T06:45:09.140969Z 0 [System] [MY-010931] [Server] C:\laragonn\bin\mysql\mysql-8.0.30-winx64\bin\mysqld: ready for connections. Version: '8.0.30'  socket: ''  port: 3306  MySQL Community Server - GPL.
2026-06-07T13:55:36.816481Z 1902 [System] [MY-013172] [Server] Received SHUTDOWN from user root. Shutting down mysqld (Version: 8.0.30).
2026-06-07T13:55:36.829812Z 0 [System] [MY-013105] [Server] C:\laragonn\bin\mysql\mysql-8.0.30-winx64\bin\mysqld: Normal shutdown.
2026-06-07T13:55:40.280445Z 0 [System] [MY-010910] [Server] C:\laragonn\bin\mysql\mysql-8.0.30-winx64\bin\mysqld: Shutdown complete (mysqld 8.0.30)  MySQL Community Server - GPL.
2026-06-09T07:55:26.427352Z 0 [Warning] [MY-010097] [Server] Insecure configuration for --secure-file-priv: Current value does not restrict location of generated files. Consider setting it to a valid, non-empty path.
2026-06-09T07:55:26.429108Z 0 [Warning] [MY-010918] [Server] 'default_authentication_plugin' is deprecated and will be removed in a future release. Please use authentication_policy instead.
2026-06-09T07:55:26.429219Z 0 [System] [MY-010116] [Server] C:\laragonn\bin\mysql\mysql-8.0.30-winx64\bin\mysqld (mysqld 8.0.30) starting as process 11996
2026-06-09T07:55:26.692742Z 1 [System] [MY-013576] [InnoDB] InnoDB initialization has started.
2026-06-09T07:55:29.234908Z 1 [System] [MY-013577] [InnoDB] InnoDB initialization has ended.
2026-06-09T07:55:30.303272Z 0 [Warning] [MY-013829] [Server] Missing data directory for ICU regular expressions: C:\laragonn\bin\mysql\mysql-8.0.30-winx64\lib\private\.
2026-06-09T07:55:30.461646Z 0 [Warning] [MY-010068] [Server] CA certificate ca.pem is self signed.
2026-06-09T07:55:30.463099Z 0 [System] [MY-013602] [Server] Channel mysql_main configured to support TLS. Encrypted connections are now supported for this channel.
2026-06-09T07:55:30.653313Z 0 [System] [MY-011323] [Server] X Plugin ready for connections. Bind-address: '::' port: 33060
2026-06-09T07:55:30.653545Z 0 [System] [MY-010931] [Server] C:\laragonn\bin\mysql\mysql-8.0.30-winx64\bin\mysqld: ready for connections. Version: '8.0.30'  socket: ''  port: 3306  MySQL Community Server - GPL.
2026-06-09T08:34:24.162973Z 33 [System] [MY-013172] [Server] Received SHUTDOWN from user root. Shutting down mysqld (Version: 8.0.30).
2026-06-09T08:34:24.169747Z 0 [System] [MY-013105] [Server] C:\laragonn\bin\mysql\mysql-8.0.30-winx64\bin\mysqld: Normal shutdown.
2026-06-09T08:34:24.984382Z 0 [System] [MY-010910] [Server] C:\laragonn\bin\mysql\mysql-8.0.30-winx64\bin\mysqld: Shutdown complete (mysqld 8.0.30)  MySQL Community Server - GPL.
2026-06-15T13:14:04.146907Z 0 [Warning] [MY-010097] [Server] Insecure configuration for --secure-file-priv: Current value does not restrict location of generated files. Consider setting it to a valid, non-empty path.
2026-06-15T13:14:04.149302Z 0 [Warning] [MY-010918] [Server] 'default_authentication_plugin' is deprecated and will be removed in a future release. Please use authentication_policy instead.
2026-06-15T13:14:04.149570Z 0 [System] [MY-010116] [Server] C:\laragonn\bin\mysql\mysql-8.0.30-winx64\bin\mysqld (mysqld 8.0.30) starting as process 17180
2026-06-15T13:14:04.401197Z 1 [System] [MY-013576] [InnoDB] InnoDB initialization has started.
2026-06-15T13:14:05.938968Z 1 [System] [MY-013577] [InnoDB] InnoDB initialization has ended.
2026-06-15T13:14:07.155070Z 0 [Warning] [MY-013829] [Server] Missing data directory for ICU regular expressions: C:\laragonn\bin\mysql\mysql-8.0.30-winx64\lib\private\.
2026-06-15T13:14:07.311391Z 0 [Warning] [MY-010068] [Server] CA certificate ca.pem is self signed.
2026-06-15T13:14:07.313631Z 0 [System] [MY-013602] [Server] Channel mysql_main configured to support TLS. Encrypted connections are now supported for this channel.
2026-06-15T13:14:07.540980Z 0 [System] [MY-011323] [Server] X Plugin ready for connections. Bind-address: '::' port: 33060
2026-06-15T13:14:07.542150Z 0 [System] [MY-010931] [Server] C:\laragonn\bin\mysql\mysql-8.0.30-winx64\bin\mysqld: ready for connections. Version: '8.0.30'  socket: ''  port: 3306  MySQL Community Server - GPL.
